// Jest Snapshot v1, https://goo.gl/fbAQLP

exports[`<Component /> should render component correctly 1`] = `
.c0 {
  display: -webkit-box;
  display: -webkit-flex;
  display: -ms-flexbox;
  display: flex;
  margin-right: 2.4rem;
}

<div
  class="c0"
/>
`;
